// Jest Snapshot v1, https://goo.gl/fbAQLP

exports[`<NoReposFound> renders as expected without crashing and matches snapshot 1`] = `
<section
  className="noRepo"
>
  <section
    className="container is-fluid"
    id="errorMessage"
  >
    <h2
      className="title"
      id="sorry"
    >
      Sorry!
    </h2>
    <span
      className="sadFace is-size-1"
    >
      <i
        className="far fa-frown"
      />
    </span>
    <h3
      className="subtitle is-size-4"
    >
      No repos found
    </h3>
  </section>
</section>
`;
